TR@DESKTOP-48RMJOH MINGW64 /c/Users/TR/OneDrive/Program/C#File/MVCFrameworkFile/GitRepository (master)                              $ ssh -T git@github.com
Hi haremikura! You've successfully authenticated, but GitHub does not provide shell access.

TR@DESKTOP-48RMJOH MINGW64 /c/Users/TR/OneDrive/Program/C#File/MVCFrameworkFile/GitRepository (master)
$ git remote set-url git@github.com:haremikura/Myrepo.com.git     usage: git remote set-url [--push] <name> <newurl> [<oldurl>]
   or: git remote set-url --add <name> <newurl>
   or: git remote set-url --delete <name> <url>

    --push                manipulate push URLs
    --add                 add URL
    --delete              delete URLs


TR@DESKTOP-48RMJOH MINGW64 /c/Users/TR/OneDrive/Program/C#File/MVCFrameworkFile/GitRepository (master)
$ git remote set-url origin git@github.com:haremikura/Myrepo.com.
git

TR@DESKTOP-48RMJOH MINGW64 /c/Users/TR/OneDrive/Program/C#File/MVCFrameworkFile/GitRepository (master)
$ git push origin master                                          ERROR: Repository not found.
fatal: Could not read from remote repository.

Please make sure you have the correct access rights
and the repository exists.

TR@DESKTOP-48RMJOH MINGW64 /c/Users/TR/OneDrive/Program/C#File/MVCFrameworkFile/GitRepository (master)
$ git push origin master
ERROR: Repository not found.
fatal: Could not read from remote repository.

Please make sure you have the correct access rights
and the repository exists.

TR@DESKTOP-48RMJOH MINGW64 /c/Users/TR/OneDrive/Program/C#File/MVCFrameworkFile/GitRepository (master)
$ git remove -v
git: 'remove' is not a git command. See 'git --help'.

The most similar command is
        remote

TR@DESKTOP-48RMJOH MINGW64 /c/Users/TR/OneDrive/Program/C#File/MVCFrameworkFile/GitRepository (master)
$ git remote -v
origin  git@github.com:haremikura/Myrepo.com.git (fetch)
origin  git@github.com:haremikura/Myrepo.com.git (push)

TR@DESKTOP-48RMJOH MINGW64 /c/Users/TR/OneDrive/Program/C#File/MVCFrameworkFile/GitRepository (master)
$ git remote origin                                               error: Unknown subcommand: origin
usage: git remote [-v | --verbose]
   or: git remote add [-t <branch>] [-m <master>] [-f] [--tags | --no-tags] [--mirror=<fetch|push>] <name> <url>
   or: git remote rename <old> <new>
   or: git remote remove <name>
   or: git remote set-head <name> (-a | --auto | -d | --delete | <branch>)
   or: git remote [-v | --verbose] show [-n] <name>
   or: git remote prune [-n | --dry-run] <name>
   or: git remote [-v | --verbose] update [-p | --prune] [(<group> | <remote>)...]
   or: git remote set-branches [--add] <name> <branch>...
   or: git remote get-url [--push] [--all] <name>
   or: git remote set-url [--push] <name> <newurl> [<oldurl>]
   or: git remote set-url --add <name> <newurl>
   or: git remote set-url --delete <name> <url>

    -v, --verbose         be verbose; must be placed before a subcommand


TR@DESKTOP-48RMJOH MINGW64 /c/Users/TR/OneDrive/Program/C#File/MVCFrameworkFile/GitRepository (master)
$ git remote -v                                                   origin  git@github.com:haremikura/Myrepo.com.git (fetch)
origin  git@github.com:haremikura/Myrepo.com.git (push)
                                                                  TR@DESKTOP-48RMJOH MINGW64 /c/Users/TR/OneDrive/Program/C#File/MVCFrameworkFile/GitRepository (master)                              $ git remote set-url origin git@github.com:haremikura/Myrepo.git

TR@DESKTOP-48RMJOH MINGW64 /c/Users/TR/OneDrive/Program/C#File/MVCFrameworkFile/GitRepository (master)
$ git push origin
fatal: The current branch master has no upstream branch.
To push the current branch and set the remote as upstream, use

    git push --set-upstream origin master


TR@DESKTOP-48RMJOH MINGW64 /c/Users/TR/OneDrive/Program/C#File/MVCFrameworkFile/GitRepository (master)
$ git push --set-upstream origin master
To github.com:haremikura/Myrepo.git
 ! [rejected]        master -> master (non-fast-forward)
error: failed to push some refs to 'git@github.com:haremikura/Myrepo.git'
hint: Updates were rejected because the tip of your current branch is behind
hint: its remote counterpart. Integrate the remote changes (e.g.
hint: 'git pull ...') before pushing again.
hint: See the 'Note about fast-forwards' in 'git push --help' for details.

TR@DESKTOP-48RMJOH MINGW64 /c/Users/TR/OneDrive/Program/C#File/MVCFrameworkFile/GitRepository (master)
$ git push origin :master                                         To github.com:haremikura/Myrepo.git
 ! [remote rejected] master (refusing to delete the current branch: refs/heads/master)
error: failed to push some refs to 'git@github.com:haremikura/Myrepo.git'

TR@DESKTOP-48RMJOH MINGW64 /c/Users/TR/OneDrive/Program/C#File/MVCFrameworkFile/GitRepository (master)
$ git push origin master
To github.com:haremikura/Myrepo.git
 ! [rejected]        master -> master (non-fast-forward)
error: failed to push some refs to 'git@github.com:haremikura/Myrepo.git'
hint: Updates were rejected because the tip of your current branch is behind
hint: its remote counterpart. Integrate the remote changes (e.g.
hint: 'git pull ...') before pushing again.
hint: See the 'Note about fast-forwards' in 'git push --help' for details.

TR@DESKTOP-48RMJOH MINGW64 /c/Users/TR/OneDrive/Program/C#File/MVCFrameworkFile/GitRepository (master)
$ git pull origin master
From github.com:haremikura/Myrepo
 * branch            master     -> FETCH_HEAD
 * [new branch]      master     -> origin/master
First, rewinding head to replay your work on top of it...
Applying: gitfileのコミット
Applying: 最初のプロジェクトのコミット

TR@DESKTOP-48RMJOH MINGW64 /c/Users/TR/OneDrive/Program/C#File/MVCFrameworkFile/GitRepository (master)
$ git push origin master
Enumerating objects: 178, done.
Counting objects: 100% (178/178), done.
Delta compression using up to 4 threads
Compressing objects: 100% (171/171), done.
Writing objects: 100% (177/177), 871.72 KiB | 1.76 MiB/s, done.
Total 177 (delta 41), reused 0 (delta 0)
remote: Resolving deltas: 100% (41/41), done.
To github.com:haremikura/Myrepo.git
   9fa3a66..8d24e84  master -> master

TR@DESKTOP-48RMJOH MINGW64 /c/Users/TR/OneDrive/Program/C#File/MVCFrameworkFile/GitRepository (master)
$                                       